// Jest Snapshot v1, https://goo.gl/fbAQLP

exports[`EventCard Component renders correctly 1`] = `
<Styled(div)>
  <h4>
    London Class 3
  </h4>
  <Styled(p)>
    Week 4 - Hello Javascript
  </Styled(p)>
  <p>
    <span>
      London
    </span>
    <span>
      , 
    </span>
    <span>
      Ticketmaster
    </span>
  </p>
  <p>
    <span>
      1515851599504
    </span>
    <span>
       -
    </span>
    <span>
      1515851599504
    </span>
    <span />
  </p>
  <Styled(a)
    href="/events/undefined"
  >
    View event
  </Styled(a)>
  <Styled(span)>
    <span>
      4
    </span>
    <span>
       attending
    </span>
  </Styled(span)>
</Styled(div)>
`;
