// Jest Snapshot v1, https://goo.gl/fbAQLP

exports[`EventCard Component renders correctly 1`] = `
<Styled(div)>
  <Styled(p) />
  <p>
    First bit of javascript
  </p>
  <Styled(div)>
    <p>
      <span>
        Ticketmaster
      </span>
    </p>
    <p>
      <span>
        March 18, 2018
      </span>
      <span>
         
      </span>
      <span>
         - 
      </span>
      <span />
    </p>
  </Styled(div)>
  <Styled(a)
    href="/events/1"
  >
    View event
  </Styled(a)>
</Styled(div)>
`;
