// Jest Snapshot v1, https://goo.gl/fbAQLP

exports[`BottomSection renders correctly 1`] = `
<div
  className="section-bottom-link"
>
  <Link
    className="big-link-3 btn"
    rel="noopener noreferrer"
    replace={false}
    target="_blank"
    to="/apply/volunteer"
  >
    Become a Volunteer
  </Link>
</div>
`;
