// Jest Snapshot v1, https://goo.gl/fbAQLP

exports[`MentorCard Component renders correctly 1`] = `
<Styled(div)>
  <Styled(img)
    alt="Germán Bencci"
    src="german.jpg"
  />
  <Styled(h4)>
    <Styled(span)>
      Germán
    </Styled(span)>
    <span>
      Bencci
    </span>
  </Styled(h4)>
  <Styled(div)>
    Organiser
  </Styled(div)>
</Styled(div)>
`;
