// Jest Snapshot v1, https://goo.gl/fbAQLP

exports[`CYFLink Component renders correctly 1`] = `
<div
  className="section-bottom-link"
>
  <Link
    className="big-link-3 btn"
    rel="noopener noreferrer"
    replace={false}
    target="_blank"
    to="/apply/mentor"
  >
    Become a Mentor
  </Link>
</div>
`;
